core_cm7.h:2229:22:SCB_EnableICache	4	static,ignoring_inline_asm
core_cm7.h:2281:22:SCB_EnableDCache	24	static,ignoring_inline_asm
main.c:110:6:HAL_TIM_PeriodElapsedCallback	16	static
main.c:127:6:HAL_GPIO_EXTI_Callback	16	static
main.c:182:5:main	16	static
main.c:311:6:SystemClock_Config	232	static
main.c:375:13:MX_ADC1_Init	24	static
main.c:425:13:MX_DMA2D_Init	8	static
main.c:464:13:MX_DSIHOST_DSI_Init	176	static
main.c:573:13:MX_LTDC_Init	112	static
main.c:655:13:MX_SDMMC2_SD_Init	4	static
main.c:683:13:MX_TIM6_Init	24	static
main.c:721:13:MX_TIM7_Init	24	static
main.c:755:13:MX_FMC_Init	40	static
main.c:806:13:MX_GPIO_Init	64	static
main.c:849:13:LCD_Config1	16	static
main.c:860:13:LCD_Config2	8	static
main.c:887:6:displayTemp	120	static
main.c:912:6:printMenu	32	static
main.c:966:6:touchMenu	8	static
main.c:1002:6:printBoard	24	static
main.c:1017:6:InitialPos	8	static
main.c:1031:6:printTime	80	static
main.c:1045:6:printScore	48	static
main.c:1070:6:virtualBoardUpdate	24	static
main.c:1096:6:clearPrePossMov	16	static
main.c:1109:6:checkPossMov	24	static
main.c:1230:6:LCDBoardUpdate	16	static
main.c:1262:6:readRules	216	static
main.c:1296:6:ReadFromSD	112	static
main.c:1319:6:writeGameInfoSD	112	static
main.c:1347:6:Error_Handler	8	static
